Area,Distance from origin,Angle(degrees)
49317.5,271.662,88.8444
35569.5,105.309,33.1327
