Area,Distance from origin,Angle(degrees)
109,13.6015,30.564
109,18.6011,45
492.5,7.81025,67.3801
