Area,Distance from origin,Angle(degrees)
103,13.6015,27.6811
112.5,19.4165,46.9306
485.5,8.48528,69.5459
