Area,Distance from origin,Angle(degrees)
29.5,28.0179,53.1301
61,18.0278,46.5766
119.5,19.799,36.9456
