Area,Distance from origin,Angle(degrees)
278,10,0
245.5,3,48.5895
176.5,14.8661,67.8337
212,13.4536,82.0565
