Area,Distance from origin,Angle(degrees)
60,24.2074,19.7468
