Area,Distance from origin,Angle(degrees)
284.5,12.3693,66.2505
