Area,Distance from origin,Angle(degrees)
183138,103.315,97.066
