Area,Distance from origin,Angle(degrees)
502573,31.9531,145.566
148416,84.4808,95.9256
36340,287.002,74.8342
