Clusteredness degree,Density,Area,Perimeter,Distance from origin,Angle(degrees),Shape,Triangle measure,Rectangle measure,Circle measure,Centre (x-coord),Centre (y-coord)
0.956992,0.463965,45449,1672.32,270.712,83.2956,triangular,0.601033,0.474797,0.28748,382.92,983.919
1,0.553768,37028,1197.49,105.152,32.6296,triangular,0.652833,0.542309,0.238981,872.082,354.984

Average clusteredness degree: 0.00125507
Average density: 0.508866
