Clusteredness degree,Density,Area,Perimeter,Distance from origin,Angle(degrees),Shape,Triangle measure,Rectangle measure,Circle measure,Centre (x-coord),Centre (y-coord)
0.948503,0.550763,177852,3163.02,104.652,97.0205,triangular,0.617762,0.550528,0.470306,292.814,682.548

Average clusteredness degree: 0
Average density: 0.550763
