Area,Distance from origin,Angle(degrees)
187840,103.31,95.242
