Clusteredness degree,Density,Area,Perimeter,Distance from origin,Angle(degrees),Shape,Triangle measure,Rectangle measure,Circle measure,Centre (x-coord),Centre (y-coord)
0.892492,0.499594,166646,3161.02,104.657,2.14186e-317,triangle,0.579233,0.514541,0.439249,327.006,703.677
