Clusteredness degree,Density,Area,Perimeter,Distance from origin,Angle(degrees),Shape,Triangle measure,Rectangle measure,Circle measure,Centre (x-coord),Centre (y-coord)
0.00227109,1,164641,2806,796.645,11.6593,rectangular,0.497436,0.994872,0.121932,703.5,129.333
0.00343333,1,316285,2144.85,72.5603,93.3517,circular,0.569579,0.729624,0.741589,386.856,957.155
0.00346577,1,238297,2287.05,524.077,50.4851,triangular,0.908239,0.549717,0.32967,1105.5,1067

Clusteredness index: 0.433937
Average pile up degree: 1
