Area,Distance from origin,Angle(degrees)
284.5,12.3693,69.7175
