Area,Distance from origin,Angle(degrees)
72.5,22.8035,25.56
