Area,Distance from origin,Angle(degrees)
61,18.0278,62.5924
119.5,19.799,31.4296
