Area,Distance from origin,Angle(degrees)
68.5,17.0294,28.3008
99,21.095,51.6544
457,8.48528,63.9437
