Area,Distance from origin,Angle(degrees)
254,10,17.0205
220.5,3,6.48578
113.5,16.1245,5.90614
191,18.2483,87.9546
